---
source: src/lib.rs
expression: answer

---
- "3198599"
- "4795042"

