---
source: src/lib.rs
expression: answer

---
- "3374136"
- TODO

