---
source: src/lib.rs
expression: answer

---
- "437931"
- "157667328"

