---
source: src/lib.rs
expression: answer

---
- "232"
- "1783"

