---
source: src/lib.rs
expression: answer

---
- "1553"
- "1597"

