---
source: src/lib.rs
expression: answer

---
- "1588178"
- "3783758"

