---
source: src/lib.rs
expression: answer

---
- "1119"
- "1420"

