---
source: src/lib.rs
expression: answer

---
- "2592"
- "2360"

