---
source: src/lib.rs
expression: answer

---
- "307"
- "165"

