---
source: src/lib.rs
expression: answer

---
- "2187380"
- "2086357770"

